<div class="something">
  <div class="container">
  <div class="button"><div class="button__text">Text</div></div>

</div>

</div>
